// Jest Snapshot v1, https://goo.gl/fbAQLP

exports[`testing Gist Page creating snapshot Gist Pages 1`] = `Object {}`;
